/home/dschuster/python/sadie_new/lib/python3.12/site-packages/stable_baselines3/common/utils.py:193: UserWarning: get_linear_fn() is deprecated, please use LinearSchedule() instead
  warnings.warn("get_linear_fn() is deprecated, please use LinearSchedule() instead")
======================================================================
SADIE v8 Policy-Aware Self-Play Training
======================================================================
Model directory: sadie_code/models/v8_contest
Iterations: 20 | Steps/round/side: 60000
Eval: 10 episodes (no COA diversity guard) | Seeds: 2000..2019
Reward: contest margin + terminal outcome alignment (v8_contest patch)
======================================================================

✅ Loaded agents: Blue (2 docs merged), Red (2 docs merged)
✅ Strategic Wargame v8 - Multi-Domain Enhanced
   Actions: 24 multi-domain
   Policy mechanics: on | Blue 2 docs, Red 2 docs

======================================================================
ITERATION 1/20
======================================================================
  Opponents: Blue vs random, Red vs random
  Training Blue...
  Training Red...
  Evaluating...
  Blue reward: -19.93 | Red: -22.20
  Tension: 0.79 | Wins B/R/loss: 0% / 0% / 0%
  Clamps/ep: 0.1 | Commitments B/R: 0.0 / 0.0
  DSS: margin -0.088 | collapse B/R 0%/0% | unique COAs B/R 3.0/2.3

======================================================================
ITERATION 2/20
======================================================================
  Opponents: Blue vs Red pool #0, Red vs Blue pool #0
  Training Blue...
  Training Red...
  Evaluating...
  Blue reward: -22.40 | Red: -18.34
  Tension: 0.79 | Wins B/R/loss: 0% / 0% / 0%
  Clamps/ep: 0.3 | Commitments B/R: 0.0 / 0.0
  DSS: margin -0.113 | collapse B/R 100%/100% | unique COAs B/R 1.9/2.2

======================================================================
ITERATION 3/20
======================================================================
  Opponents: Blue vs Red pool #0, Red vs Blue pool #0
  Training Blue...
  Training Red...
  Evaluating...
  Blue reward: -20.96 | Red: -14.94
  Tension: 0.79 | Wins B/R/loss: 0% / 0% / 0%
  Clamps/ep: 0.1 | Commitments B/R: 0.0 / 0.0
  DSS: margin -0.096 | collapse B/R 10%/0% | unique COAs B/R 2.1/3.2

======================================================================
ITERATION 4/20
======================================================================
  Opponents: Blue vs Red pool #0, Red vs Blue pool #0
  Training Blue...
  Training Red...
  Evaluating...
  Blue reward: -21.47 | Red: -17.82
  Tension: 0.79 | Wins B/R/loss: 0% / 0% / 0%
  Clamps/ep: 0.1 | Commitments B/R: 0.0 / 0.0
  DSS: margin -0.102 | collapse B/R 90%/20% | unique COAs B/R 2.0/3.0

======================================================================
ITERATION 5/20
======================================================================
  Opponents: Blue vs Red pool #0, Red vs Blue pool #0
  Training Blue...
  Training Red...
  Evaluating...
  Blue reward: -16.53 | Red: -18.18
  Tension: 0.72 | Wins B/R/loss: 0% / 0% / 0%
  Clamps/ep: 0.1 | Commitments B/R: 0.0 / 0.3
  DSS: margin -0.090 | collapse B/R 0%/0% | unique COAs B/R 4.0/5.2

======================================================================
ITERATION 6/20
======================================================================
  Opponents: Blue vs Red pool #0, Red vs Blue pool #0
  Training Blue...
  Training Red...
  Evaluating...
  Blue reward: -18.16 | Red: -18.49
  Tension: 0.73 | Wins B/R/loss: 0% / 0% / 0%
  Clamps/ep: 0.0 | Commitments B/R: 0.0 / 0.0
  DSS: margin -0.088 | collapse B/R 0%/0% | unique COAs B/R 4.0/4.2

======================================================================
ITERATION 7/20
======================================================================
  Opponents: Blue vs Red pool #0, Red vs Blue pool #0
  Training Blue...
  Training Red...
  Evaluating...
  Blue reward: -19.77 | Red: -20.28
  Tension: 0.69 | Wins B/R/loss: 0% / 0% / 0%
  Clamps/ep: 0.0 | Commitments B/R: 0.0 / 0.0
  DSS: margin -0.088 | collapse B/R 0%/0% | unique COAs B/R 3.0/4.0

======================================================================
ITERATION 8/20
======================================================================
  Opponents: Blue vs Red pool #0, Red vs Blue pool #0
  Training Blue...
  Training Red...
  Evaluating...
  Blue reward: -18.79 | Red: -16.65
  Tension: 0.71 | Wins B/R/loss: 0% / 0% / 0%
  Clamps/ep: 0.0 | Commitments B/R: 0.0 / 0.0
  DSS: margin -0.095 | collapse B/R 0%/0% | unique COAs B/R 4.0/4.4

======================================================================
ITERATION 9/20
======================================================================
  Opponents: Blue vs Red pool #0, Red vs Blue pool #0
  Training Blue...
  Training Red...
  Evaluating...
  Blue reward: -18.23 | Red: -19.69
  Tension: 0.68 | Wins B/R/loss: 0% / 0% / 0%
  Clamps/ep: 0.0 | Commitments B/R: 0.0 / 0.0
  DSS: margin -0.088 | collapse B/R 0%/0% | unique COAs B/R 4.3/3.5

======================================================================
ITERATION 10/20
======================================================================
  Opponents: Blue vs Red pool #0, Red vs Blue pool #0
  Training Blue...
  Training Red...
  Evaluating...
  Blue reward: -18.10 | Red: -20.02
  Tension: 0.70 | Wins B/R/loss: 0% / 0% / 0%
  Clamps/ep: 0.0 | Commitments B/R: 0.0 / 0.0
  DSS: margin -0.093 | collapse B/R 0%/0% | unique COAs B/R 4.0/4.0

======================================================================
ITERATION 11/20
======================================================================
  Opponents: Blue vs Red pool #0, Red vs Blue pool #0
  Training Blue...
  Training Red...
  Evaluating...
  Blue reward: -16.72 | Red: -16.98
  Tension: 0.72 | Wins B/R/loss: 0% / 0% / 0%
  Clamps/ep: 0.0 | Commitments B/R: 0.0 / 0.0
  DSS: margin -0.089 | collapse B/R 0%/0% | unique COAs B/R 5.0/4.0

======================================================================
ITERATION 12/20
======================================================================
  Opponents: Blue vs Red pool #0, Red vs Blue pool #0
  Training Blue...
  Training Red...
  Evaluating...
  Blue reward: -19.94 | Red: -13.38
  Tension: 0.71 | Wins B/R/loss: 0% / 0% / 0%
  Clamps/ep: 0.4 | Commitments B/R: 0.0 / 0.0
  DSS: margin -0.092 | collapse B/R 0%/0% | unique COAs B/R 4.1/4.4

======================================================================
ITERATION 13/20
======================================================================
  Opponents: Blue vs Red pool #0, Red vs Blue pool #0
  Training Blue...
  Training Red...
  Evaluating...
  Blue reward: -17.64 | Red: -16.29
  Tension: 0.73 | Wins B/R/loss: 0% / 0% / 0%
  Clamps/ep: 0.1 | Commitments B/R: 0.0 / 0.0
  DSS: margin -0.088 | collapse B/R 0%/0% | unique COAs B/R 3.8/4.8

======================================================================
ITERATION 14/20
======================================================================
  Opponents: Blue vs Red pool #0, Red vs Blue pool #0
  Training Blue...
  Training Red...
  Evaluating...
  Blue reward: -17.23 | Red: -13.34
  Tension: 0.72 | Wins B/R/loss: 0% / 0% / 0%
  Clamps/ep: 0.1 | Commitments B/R: 0.0 / 0.0
  DSS: margin -0.089 | collapse B/R 0%/0% | unique COAs B/R 4.2/4.3

======================================================================
ITERATION 15/20
======================================================================
  Opponents: Blue vs Red pool #0, Red vs Blue pool #0
  Training Blue...
  Training Red...
  Evaluating...
  Blue reward: -12.58 | Red: -15.26
  Tension: 0.71 | Wins B/R/loss: 0% / 0% / 0%
  Clamps/ep: 0.0 | Commitments B/R: 0.0 / 0.0
  DSS: margin -0.088 | collapse B/R 0%/0% | unique COAs B/R 5.2/4.0

======================================================================
ITERATION 16/20
======================================================================
  Opponents: Blue vs Red pool #0, Red vs Blue pool #0
  Training Blue...
  Training Red...
  Evaluating...
  Blue reward: -12.56 | Red: 2.63
  Tension: 0.72 | Wins B/R/loss: 0% / 0% / 0%
  Clamps/ep: 0.0 | Commitments B/R: 0.5 / 0.0
  DSS: margin -0.086 | collapse B/R 0%/0% | unique COAs B/R 5.5/6.1

======================================================================
ITERATION 17/20
======================================================================
  Opponents: Blue vs Red pool #0, Red vs Blue pool #0
  Training Blue...
  Training Red...
  Evaluating...
  Blue reward: -14.91 | Red: -13.00
  Tension: 0.73 | Wins B/R/loss: 0% / 0% / 0%
  Clamps/ep: 0.2 | Commitments B/R: 0.0 / 0.0
  DSS: margin -0.088 | collapse B/R 0%/0% | unique COAs B/R 5.2/5.6

======================================================================
ITERATION 18/20
======================================================================
  Opponents: Blue vs Red pool #0, Red vs Blue pool #0
  Training Blue...
  Training Red...
  Evaluating...
  Blue reward: -13.26 | Red: -12.98
  Tension: 0.75 | Wins B/R/loss: 0% / 0% / 0%
  Clamps/ep: 0.0 | Commitments B/R: 0.0 / 0.0
  DSS: margin -0.088 | collapse B/R 0%/0% | unique COAs B/R 4.3/4.0

======================================================================
ITERATION 19/20
======================================================================
  Opponents: Blue vs Red pool #0, Red vs Blue pool #0
  Training Blue...
  Training Red...
  Evaluating...
  Blue reward: -10.75 | Red: -14.11
  Tension: 0.74 | Wins B/R/loss: 0% / 0% / 0%
  Clamps/ep: 0.0 | Commitments B/R: 0.0 / 0.0
  DSS: margin -0.088 | collapse B/R 0%/0% | unique COAs B/R 4.2/4.0

======================================================================
ITERATION 20/20
======================================================================
  Opponents: Blue vs Red pool #0, Red vs Blue pool #0
  Training Blue...
  Training Red...
  Evaluating...
  Blue reward: -12.40 | Red: -3.61
  Tension: 0.73 | Wins B/R/loss: 0% / 0% / 0%
  Clamps/ep: 0.0 | Commitments B/R: 2.0 / 2.3
  DSS: margin -0.093 | collapse B/R 0%/0% | unique COAs B/R 5.2/6.9

======================================================================
TRAINING COMPLETE
  Blue: sadie_code/models/v8_contest/blue_final.zip
  Red:  sadie_code/models/v8_contest/red_final.zip
======================================================================

